// Jest Snapshot v1, https://goo.gl/fbAQLP

exports[`Consultancies Component renders the Consultancies List Component 1`] = `ShallowWrapper {}`;
